// Jest Snapshot v1, https://goo.gl/fbAQLP

exports[`Snapshot Tests renders Footer correctly 1`] = `
<footer
  className="footer"
>
  <div
    className="footerRow"
  >
    <p>
      @Copyright
    </p>
    <p>
      Created by Binyam Yohannes
    </p>
  </div>
</footer>
`;
